{
    "collection": "foo",
    "type": "val",
    "fields": {
        "bar": {
            "collection": "foo",
            "type": "raw",
            "data": "ololo"
        },
        "baz": {
            "collection": "foo",
            "type": "ref",
            "id": "some-id"
        }
    }
}
